[backblue.gif]
[fade.gif]
[index.html]
[cdn.jsdelivr.net/npm/marked/marked.min.js]
[connect.facebook.net/en_US/fbevents.js]
[django-pouyaeti-staticfiles.s3.amazonaws.com/media/document_thumbnails/marketing-research-isometric-icon.png]
[django-pouyaeti-staticfiles.s3.amazonaws.com/media/document_thumbnails/complete-market-research-tutorial.png]
[django-pouyaeti-staticfiles.s3.amazonaws.com/media/document_thumbnails/Ai-isometric-icon-chatgpt.png]
[django-pouyaeti-staticfiles.s3.amazonaws.com/media/document_thumbnails/pouyaeti-wordpress-fundamentals-digital-marketing-course.png]
[django-pouyaeti-staticfiles.s3.amazonaws.com/media/document_thumbnails/pouyaeti-website-optimization-digital-marketing-course.png]
[django-pouyaeti-staticfiles.s3.amazonaws.com/media/document_thumbnails/pouyaeti-email-marketing-mailchimp-digital-marketing-course.png]
[django-pouyaeti-staticfiles.s3.amazonaws.com/media/document_thumbnails/pouyaeti-copywriting-digital-marketing-course.png]
[django-pouyaeti-staticfiles.s3.amazonaws.com/media/document_thumbnails/pouyaeti-SEO-digital-marketing-course.png]
[django-pouyaeti-staticfiles.s3.amazonaws.com/media/document_thumbnails/pouyaeti-instagram-digital-marketing-course.png]
[django-pouyaeti-staticfiles.s3.amazonaws.com/media/document_thumbnails/pouyaeti-facebook-digital-marketing-course.png]
[django-pouyaeti-staticfiles.s3.amazonaws.com/media/document_thumbnails/pouyaeti-sales-funnels-digital-marketing-course.png]
[django-pouyaeti-staticfiles.s3.amazonaws.com/media/document_thumbnails/pouyaeti-google-analytics-digital-marketing-course.png]
[django-pouyaeti-staticfiles.s3.amazonaws.com/media/document_thumbnails/pouyaeti-email-marketing-linkedin-digital-marketing-course.png]
[django-pouyaeti-staticfiles.s3.amazonaws.com/media/document_thumbnails/pouyaeti-youtube-digital-marketing-course.png]
[django-pouyaeti-staticfiles.s3.amazonaws.com/media/document_thumbnails/pouyaeti-tiktok-digital-marketing-course.png]
[django-pouyaeti-staticfiles.s3.amazonaws.com/media/document_thumbnails/pouyaeti-google-ads-digital-marketing-course.png]
[django-pouyaeti-staticfiles.s3.amazonaws.com/media/document_thumbnails/pouyaeti-pinterest-digital-marketing-course.png]
[django-pouyaeti-staticfiles.s3.amazonaws.com/media/document_thumbnails/pouyaeti-mindset-digital-marketing-course.png]
[django-pouyaeti-staticfiles.s3.amazonaws.com/media/book_images/Building-a-StoryBrand_1.png]
[django-pouyaeti-staticfiles.s3.amazonaws.com/media/book_images/Contagious-why_things_catch_on.png]
[django-pouyaeti-staticfiles.s3.amazonaws.com/media/book_images/influence-the_psychology_of_persuasion.jpg]
[django-pouyaeti-staticfiles.s3.amazonaws.com/media/book_images/How-to-Win-Friends-and-Influence-People.png]
[django-pouyaeti-staticfiles.s3.amazonaws.com/media/discord_icons/pouyaeti_digital_marketing_crew-_students_community.png]
[django-pouyaeti-staticfiles.s3.amazonaws.com/media/discord_images/Discord-group-Digital-Marketing-Crew-1.png]
[django-pouyaeti-staticfiles.s3.amazonaws.com/static/images/social-ch/youtube-logo-pouyaeti.png]
[django-pouyaeti-staticfiles.s3.amazonaws.com/static/images/social-ch/youtube-channel.png]
[django-pouyaeti-staticfiles.s3.amazonaws.com/static/images/social-ch/X-logo-pouyaeti.png]
[django-pouyaeti-staticfiles.s3.amazonaws.com/static/images/social-ch/X-twitter-page.png]
[django-pouyaeti-staticfiles.s3.amazonaws.com/static/images/social-ch/instagram-logo-pouyaeti.png]
[django-pouyaeti-staticfiles.s3.amazonaws.com/static/images/social-ch/Instagram-page.png]
[pouyaeti.com/digital-marketing-course-workstation/index.html]
[django-pouyaeti-staticfiles.s3.amazonaws.com/static/main.css]
[www.googletagmanager.com/gtm5445.html]
[django-pouyaeti-staticfiles.s3.amazonaws.com/static/workstation/workstation.css]
[connect.facebook.net/en_US/fbevents.js]
[pouyaeti.com/digital-marketing-course-workstation/a.html]
[pouyaeti.com/digital-marketing-course-workstation/POST.html]
[pouyaeti.com/digital-marketing-course-workstation/schema.org/index.html]
[pouyaeti.com/digital-marketing-course-workstation/b.html]
[pouyaeti.com/signals/iwl.html]
